Archive member included because of file (symbol)

d:/aya/downloads/eclipse/sdk_win_64/sdk_win_64/winavr/bin/../lib/gcc/avr/4.3.3/avr5\libgcc.a(_mulsi3.o)
                              ./MCAL/TIMER/TIMER0/TIMER0_prog.o (__mulsi3)
d:/aya/downloads/eclipse/sdk_win_64/sdk_win_64/winavr/bin/../lib/gcc/avr/4.3.3/avr5\libgcc.a(_udivmodhi4.o)
                              ./APP/APP_prog.o (__udivmodhi4)
d:/aya/downloads/eclipse/sdk_win_64/sdk_win_64/winavr/bin/../lib/gcc/avr/4.3.3/avr5\libgcc.a(_udivmodsi4.o)
                              ./MCAL/TIMER/TIMER0/TIMER0_prog.o (__udivmodsi4)
d:/aya/downloads/eclipse/sdk_win_64/sdk_win_64/winavr/bin/../lib/gcc/avr/4.3.3/avr5\libgcc.a(_exit.o)
                              d:/aya/downloads/eclipse/sdk_win_64/sdk_win_64/winavr/bin/../lib/gcc/avr/4.3.3/../../../../avr/lib/avr5/crtm32.o (exit)
d:/aya/downloads/eclipse/sdk_win_64/sdk_win_64/winavr/bin/../lib/gcc/avr/4.3.3/avr5\libgcc.a(_copy_data.o)
                              ./MCAL/TIMER/TIMER0/TIMER0_prog.o (__do_copy_data)
d:/aya/downloads/eclipse/sdk_win_64/sdk_win_64/winavr/bin/../lib/gcc/avr/4.3.3/avr5\libgcc.a(_clear_bss.o)
                              ./MCAL/TIMER/TIMER1/TIMER1_prog.o (__do_clear_bss)
d:/aya/downloads/eclipse/sdk_win_64/sdk_win_64/winavr/bin/../lib/gcc/avr/4.3.3/avr5\libgcc.a(_fixunssfsi.o)
                              ./MCAL/TIMER/TIMER0/TIMER0_prog.o (__fixunssfsi)
d:/aya/downloads/eclipse/sdk_win_64/sdk_win_64/winavr/bin/../lib/gcc/avr/4.3.3/avr5\libgcc.a(_addsub_sf.o)
                              ./MCAL/TIMER/TIMER0/TIMER0_prog.o (__subsf3)
d:/aya/downloads/eclipse/sdk_win_64/sdk_win_64/winavr/bin/../lib/gcc/avr/4.3.3/avr5\libgcc.a(_mul_sf.o)
                              ./MCAL/TIMER/TIMER0/TIMER0_prog.o (__mulsf3)
d:/aya/downloads/eclipse/sdk_win_64/sdk_win_64/winavr/bin/../lib/gcc/avr/4.3.3/avr5\libgcc.a(_div_sf.o)
                              ./MCAL/TIMER/TIMER0/TIMER0_prog.o (__divsf3)
d:/aya/downloads/eclipse/sdk_win_64/sdk_win_64/winavr/bin/../lib/gcc/avr/4.3.3/avr5\libgcc.a(_ne_sf.o)
                              ./MCAL/TIMER/TIMER0/TIMER0_prog.o (__nesf2)
d:/aya/downloads/eclipse/sdk_win_64/sdk_win_64/winavr/bin/../lib/gcc/avr/4.3.3/avr5\libgcc.a(_gt_sf.o)
                              ./HAL/LCD/LCD_prog.o (__gtsf2)
d:/aya/downloads/eclipse/sdk_win_64/sdk_win_64/winavr/bin/../lib/gcc/avr/4.3.3/avr5\libgcc.a(_ge_sf.o)
                              d:/aya/downloads/eclipse/sdk_win_64/sdk_win_64/winavr/bin/../lib/gcc/avr/4.3.3/avr5\libgcc.a(_fixunssfsi.o) (__gesf2)
d:/aya/downloads/eclipse/sdk_win_64/sdk_win_64/winavr/bin/../lib/gcc/avr/4.3.3/avr5\libgcc.a(_lt_sf.o)
                              ./HAL/LCD/LCD_prog.o (__ltsf2)
d:/aya/downloads/eclipse/sdk_win_64/sdk_win_64/winavr/bin/../lib/gcc/avr/4.3.3/avr5\libgcc.a(_sf_to_si.o)
                              d:/aya/downloads/eclipse/sdk_win_64/sdk_win_64/winavr/bin/../lib/gcc/avr/4.3.3/avr5\libgcc.a(_fixunssfsi.o) (__fixsfsi)
d:/aya/downloads/eclipse/sdk_win_64/sdk_win_64/winavr/bin/../lib/gcc/avr/4.3.3/avr5\libgcc.a(_thenan_sf.o)
                              d:/aya/downloads/eclipse/sdk_win_64/sdk_win_64/winavr/bin/../lib/gcc/avr/4.3.3/avr5\libgcc.a(_addsub_sf.o) (__thenan_sf)
d:/aya/downloads/eclipse/sdk_win_64/sdk_win_64/winavr/bin/../lib/gcc/avr/4.3.3/avr5\libgcc.a(_usi_to_sf.o)
                              ./MCAL/TIMER/TIMER0/TIMER0_prog.o (__floatunsisf)
d:/aya/downloads/eclipse/sdk_win_64/sdk_win_64/winavr/bin/../lib/gcc/avr/4.3.3/avr5\libgcc.a(_prologue.o)
                              d:/aya/downloads/eclipse/sdk_win_64/sdk_win_64/winavr/bin/../lib/gcc/avr/4.3.3/avr5\libgcc.a(_addsub_sf.o) (__prologue_saves__)
d:/aya/downloads/eclipse/sdk_win_64/sdk_win_64/winavr/bin/../lib/gcc/avr/4.3.3/avr5\libgcc.a(_epilogue.o)
                              d:/aya/downloads/eclipse/sdk_win_64/sdk_win_64/winavr/bin/../lib/gcc/avr/4.3.3/avr5\libgcc.a(_addsub_sf.o) (__epilogue_restores__)
d:/aya/downloads/eclipse/sdk_win_64/sdk_win_64/winavr/bin/../lib/gcc/avr/4.3.3/avr5\libgcc.a(_clzsi2.o)
                              d:/aya/downloads/eclipse/sdk_win_64/sdk_win_64/winavr/bin/../lib/gcc/avr/4.3.3/avr5\libgcc.a(_usi_to_sf.o) (__clzsi2)
d:/aya/downloads/eclipse/sdk_win_64/sdk_win_64/winavr/bin/../lib/gcc/avr/4.3.3/avr5\libgcc.a(_pack_sf.o)
                              d:/aya/downloads/eclipse/sdk_win_64/sdk_win_64/winavr/bin/../lib/gcc/avr/4.3.3/avr5\libgcc.a(_addsub_sf.o) (__pack_f)
d:/aya/downloads/eclipse/sdk_win_64/sdk_win_64/winavr/bin/../lib/gcc/avr/4.3.3/avr5\libgcc.a(_unpack_sf.o)
                              d:/aya/downloads/eclipse/sdk_win_64/sdk_win_64/winavr/bin/../lib/gcc/avr/4.3.3/avr5\libgcc.a(_addsub_sf.o) (__unpack_f)
d:/aya/downloads/eclipse/sdk_win_64/sdk_win_64/winavr/bin/../lib/gcc/avr/4.3.3/avr5\libgcc.a(_fpcmp_parts_sf.o)
                              d:/aya/downloads/eclipse/sdk_win_64/sdk_win_64/winavr/bin/../lib/gcc/avr/4.3.3/avr5\libgcc.a(_ne_sf.o) (__fpcmp_parts_f)
d:/aya/downloads/eclipse/sdk_win_64/sdk_win_64/winavr/bin/../lib/gcc/avr/4.3.3/avr5\libgcc.a(_clz.o)
                              d:/aya/downloads/eclipse/sdk_win_64/sdk_win_64/winavr/bin/../lib/gcc/avr/4.3.3/avr5\libgcc.a(_clzsi2.o) (__clz_tab)

Memory Configuration

Name             Origin             Length             Attributes
text             0x00000000         0x00020000         xr
data             0x00800060         0x0000ffa0         rw !x
eeprom           0x00810000         0x00010000         rw !x
fuse             0x00820000         0x00000400         rw !x
lock             0x00830000         0x00000400         rw !x
signature        0x00840000         0x00000400         rw !x
*default*        0x00000000         0xffffffff

Linker script and memory map

LOAD d:/aya/downloads/eclipse/sdk_win_64/sdk_win_64/winavr/bin/../lib/gcc/avr/4.3.3/../../../../avr/lib/avr5/crtm32.o
LOAD ./MCAL/TIMER/WATCHDOG/WDT_prog.o
LOAD ./MCAL/TIMER/TIMER1/TIMER1_prog.o
LOAD ./MCAL/TIMER/TIMER0/TIMER0_prog.o
LOAD ./MCAL/TIMER/ICU_HW/ICU_HW_prog.o
LOAD ./MCAL/GIE/GIE_prog.o
LOAD ./MCAL/EINT/INT_config.o
LOAD ./MCAL/EINT/INT_prog.o
LOAD ./MCAL/DIO/DIO_prog.o
LOAD ./MCAL/ADC/ADC_prog.o
LOAD ./HAL/SWITCH/Switch_config.o
LOAD ./HAL/SWITCH/Switch_prog.o
LOAD ./HAL/LM35/LM35_config.o
LOAD ./HAL/LM35/LM35_prog.o
LOAD ./HAL/LCD/LCD_prog.o
LOAD ./APP/APP_prog.o
LOAD ./APP/main.o
LOAD d:/aya/downloads/eclipse/sdk_win_64/sdk_win_64/winavr/bin/../lib/gcc/avr/4.3.3/avr5\libgcc.a
LOAD d:/aya/downloads/eclipse/sdk_win_64/sdk_win_64/winavr/bin/../lib/gcc/avr/4.3.3/../../../../avr/lib/avr5\libc.a
LOAD d:/aya/downloads/eclipse/sdk_win_64/sdk_win_64/winavr/bin/../lib/gcc/avr/4.3.3/avr5\libgcc.a

.hash
 *(.hash)

.dynsym
 *(.dynsym)

.dynstr
 *(.dynstr)

.gnu.version
 *(.gnu.version)

.gnu.version_d
 *(.gnu.version_d)

.gnu.version_r
 *(.gnu.version_r)

.rel.init
 *(.rel.init)

.rela.init
 *(.rela.init)

.rel.text
 *(.rel.text)
 *(.rel.text.*)
 *(.rel.gnu.linkonce.t*)

.rela.text
 *(.rela.text)
 *(.rela.text.*)
 *(.rela.gnu.linkonce.t*)

.rel.fini
 *(.rel.fini)

.rela.fini
 *(.rela.fini)

.rel.rodata
 *(.rel.rodata)
 *(.rel.rodata.*)
 *(.rel.gnu.linkonce.r*)

.rela.rodata
 *(.rela.rodata)
 *(.rela.rodata.*)
 *(.rela.gnu.linkonce.r*)

.rel.data
 *(.rel.data)
 *(.rel.data.*)
 *(.rel.gnu.linkonce.d*)

.rela.data
 *(.rela.data)
 *(.rela.data.*)
 *(.rela.gnu.linkonce.d*)

.rel.ctors
 *(.rel.ctors)

.rela.ctors
 *(.rela.ctors)

.rel.dtors
 *(.rel.dtors)

.rela.dtors
 *(.rela.dtors)

.rel.got
 *(.rel.got)

.rela.got
 *(.rela.got)

.rel.bss
 *(.rel.bss)

.rela.bss
 *(.rela.bss)

.rel.plt
 *(.rel.plt)

.rela.plt
 *(.rela.plt)

.text           0x00000000     0x4a7c
 *(.vectors)
 .vectors       0x00000000       0x54 d:/aya/downloads/eclipse/sdk_win_64/sdk_win_64/winavr/bin/../lib/gcc/avr/4.3.3/../../../../avr/lib/avr5/crtm32.o
                0x00000000                __vectors
                0x00000000                __vector_default
 *(.vectors)
 *(.progmem.gcc*)
 *(.progmem*)
                0x00000054                . = ALIGN (0x2)
                0x00000054                __trampolines_start = .
 *(.trampolines)
 .trampolines   0x00000054        0x0 linker stubs
 *(.trampolines*)
                0x00000054                __trampolines_end = .
 *(.jumptables)
 *(.jumptables*)
 *(.lowtext)
 *(.lowtext*)
                0x00000054                __ctors_start = .
 *(.ctors)
                0x00000054                __ctors_end = .
                0x00000054                __dtors_start = .
 *(.dtors)
                0x00000054                __dtors_end = .
 SORT(*)(.ctors)
 SORT(*)(.dtors)
 *(.init0)
 .init0         0x00000054        0x0 d:/aya/downloads/eclipse/sdk_win_64/sdk_win_64/winavr/bin/../lib/gcc/avr/4.3.3/../../../../avr/lib/avr5/crtm32.o
                0x00000054                __init
 *(.init0)
 *(.init1)
 *(.init1)
 *(.init2)
 .init2         0x00000054        0xc d:/aya/downloads/eclipse/sdk_win_64/sdk_win_64/winavr/bin/../lib/gcc/avr/4.3.3/../../../../avr/lib/avr5/crtm32.o
 *(.init2)
 *(.init3)
 *(.init3)
 *(.init4)
 .init4         0x00000060       0x16 d:/aya/downloads/eclipse/sdk_win_64/sdk_win_64/winavr/bin/../lib/gcc/avr/4.3.3/avr5\libgcc.a(_copy_data.o)
                0x00000060                __do_copy_data
 .init4         0x00000076       0x10 d:/aya/downloads/eclipse/sdk_win_64/sdk_win_64/winavr/bin/../lib/gcc/avr/4.3.3/avr5\libgcc.a(_clear_bss.o)
                0x00000076                __do_clear_bss
 *(.init4)
 *(.init5)
 *(.init5)
 *(.init6)
 *(.init6)
 *(.init7)
 *(.init7)
 *(.init8)
 *(.init8)
 *(.init9)
 .init9         0x00000086        0x8 d:/aya/downloads/eclipse/sdk_win_64/sdk_win_64/winavr/bin/../lib/gcc/avr/4.3.3/../../../../avr/lib/avr5/crtm32.o
 *(.init9)
 *(.text)
 .text          0x0000008e        0x4 d:/aya/downloads/eclipse/sdk_win_64/sdk_win_64/winavr/bin/../lib/gcc/avr/4.3.3/../../../../avr/lib/avr5/crtm32.o
                0x0000008e                __vector_12
                0x0000008e                __bad_interrupt
                0x0000008e                __vector_13
                0x0000008e                __vector_17
                0x0000008e                __vector_19
                0x0000008e                __vector_5
                0x0000008e                __vector_4
                0x0000008e                __vector_15
                0x0000008e                __vector_14
                0x0000008e                __vector_18
                0x0000008e                __vector_20
 .text          0x00000092        0x0 ./MCAL/TIMER/WATCHDOG/WDT_prog.o
 .text          0x00000092        0x0 ./MCAL/TIMER/TIMER1/TIMER1_prog.o
 .text          0x00000092        0x0 ./MCAL/TIMER/TIMER0/TIMER0_prog.o
 .text          0x00000092        0x0 ./MCAL/TIMER/ICU_HW/ICU_HW_prog.o
 .text          0x00000092        0x0 ./MCAL/GIE/GIE_prog.o
 .text          0x00000092        0x0 ./MCAL/EINT/INT_config.o
 .text          0x00000092        0x0 ./MCAL/EINT/INT_prog.o
 .text          0x00000092        0x0 ./MCAL/DIO/DIO_prog.o
 .text          0x00000092        0x0 ./MCAL/ADC/ADC_prog.o
 .text          0x00000092        0x0 ./HAL/SWITCH/Switch_config.o
 .text          0x00000092        0x0 ./HAL/SWITCH/Switch_prog.o
 .text          0x00000092        0x0 ./HAL/LM35/LM35_config.o
 .text          0x00000092        0x0 ./HAL/LM35/LM35_prog.o
 .text          0x00000092        0x0 ./HAL/LCD/LCD_prog.o
 .text          0x00000092        0x0 ./APP/APP_prog.o
 .text          0x00000092        0x0 ./APP/main.o
 .text          0x00000092        0x0 d:/aya/downloads/eclipse/sdk_win_64/sdk_win_64/winavr/bin/../lib/gcc/avr/4.3.3/avr5\libgcc.a(_mulsi3.o)
 .text          0x00000092        0x0 d:/aya/downloads/eclipse/sdk_win_64/sdk_win_64/winavr/bin/../lib/gcc/avr/4.3.3/avr5\libgcc.a(_udivmodhi4.o)
 .text          0x00000092        0x0 d:/aya/downloads/eclipse/sdk_win_64/sdk_win_64/winavr/bin/../lib/gcc/avr/4.3.3/avr5\libgcc.a(_udivmodsi4.o)
 .text          0x00000092        0x0 d:/aya/downloads/eclipse/sdk_win_64/sdk_win_64/winavr/bin/../lib/gcc/avr/4.3.3/avr5\libgcc.a(_exit.o)
 .text          0x00000092        0x0 d:/aya/downloads/eclipse/sdk_win_64/sdk_win_64/winavr/bin/../lib/gcc/avr/4.3.3/avr5\libgcc.a(_copy_data.o)
 .text          0x00000092        0x0 d:/aya/downloads/eclipse/sdk_win_64/sdk_win_64/winavr/bin/../lib/gcc/avr/4.3.3/avr5\libgcc.a(_clear_bss.o)
 .text          0x00000092       0x58 d:/aya/downloads/eclipse/sdk_win_64/sdk_win_64/winavr/bin/../lib/gcc/avr/4.3.3/avr5\libgcc.a(_fixunssfsi.o)
                0x00000092                __fixunssfsi
 .text          0x000000ea      0x354 d:/aya/downloads/eclipse/sdk_win_64/sdk_win_64/winavr/bin/../lib/gcc/avr/4.3.3/avr5\libgcc.a(_addsub_sf.o)
                0x00000382                __subsf3
                0x000003e4                __addsf3
 .text          0x0000043e      0x1f4 d:/aya/downloads/eclipse/sdk_win_64/sdk_win_64/winavr/bin/../lib/gcc/avr/4.3.3/avr5\libgcc.a(_mul_sf.o)
                0x0000043e                __mulsf3
 .text          0x00000632      0x158 d:/aya/downloads/eclipse/sdk_win_64/sdk_win_64/winavr/bin/../lib/gcc/avr/4.3.3/avr5\libgcc.a(_div_sf.o)
                0x00000632                __divsf3
 .text          0x0000078a       0x60 d:/aya/downloads/eclipse/sdk_win_64/sdk_win_64/winavr/bin/../lib/gcc/avr/4.3.3/avr5\libgcc.a(_ne_sf.o)
                0x0000078a                __nesf2
 .text          0x000007ea       0x60 d:/aya/downloads/eclipse/sdk_win_64/sdk_win_64/winavr/bin/../lib/gcc/avr/4.3.3/avr5\libgcc.a(_gt_sf.o)
                0x000007ea                __gtsf2
 .text          0x0000084a       0x60 d:/aya/downloads/eclipse/sdk_win_64/sdk_win_64/winavr/bin/../lib/gcc/avr/4.3.3/avr5\libgcc.a(_ge_sf.o)
                0x0000084a                __gesf2
 .text          0x000008aa       0x60 d:/aya/downloads/eclipse/sdk_win_64/sdk_win_64/winavr/bin/../lib/gcc/avr/4.3.3/avr5\libgcc.a(_lt_sf.o)
                0x000008aa                __ltsf2
 .text          0x0000090a       0xa8 d:/aya/downloads/eclipse/sdk_win_64/sdk_win_64/winavr/bin/../lib/gcc/avr/4.3.3/avr5\libgcc.a(_sf_to_si.o)
                0x0000090a                __fixsfsi
 .text          0x000009b2        0x0 d:/aya/downloads/eclipse/sdk_win_64/sdk_win_64/winavr/bin/../lib/gcc/avr/4.3.3/avr5\libgcc.a(_thenan_sf.o)
 .text          0x000009b2       0xf2 d:/aya/downloads/eclipse/sdk_win_64/sdk_win_64/winavr/bin/../lib/gcc/avr/4.3.3/avr5\libgcc.a(_usi_to_sf.o)
                0x000009b2                __floatunsisf
 .text          0x00000aa4        0x0 d:/aya/downloads/eclipse/sdk_win_64/sdk_win_64/winavr/bin/../lib/gcc/avr/4.3.3/avr5\libgcc.a(_prologue.o)
 .text          0x00000aa4        0x0 d:/aya/downloads/eclipse/sdk_win_64/sdk_win_64/winavr/bin/../lib/gcc/avr/4.3.3/avr5\libgcc.a(_epilogue.o)
 .text          0x00000aa4       0x9e d:/aya/downloads/eclipse/sdk_win_64/sdk_win_64/winavr/bin/../lib/gcc/avr/4.3.3/avr5\libgcc.a(_clzsi2.o)
                0x00000aa4                __clzsi2
 .text          0x00000b42      0x1aa d:/aya/downloads/eclipse/sdk_win_64/sdk_win_64/winavr/bin/../lib/gcc/avr/4.3.3/avr5\libgcc.a(_pack_sf.o)
                0x00000b42                __pack_f
 .text          0x00000cec       0xf0 d:/aya/downloads/eclipse/sdk_win_64/sdk_win_64/winavr/bin/../lib/gcc/avr/4.3.3/avr5\libgcc.a(_unpack_sf.o)
                0x00000cec                __unpack_f
 .text          0x00000ddc       0xb2 d:/aya/downloads/eclipse/sdk_win_64/sdk_win_64/winavr/bin/../lib/gcc/avr/4.3.3/avr5\libgcc.a(_fpcmp_parts_sf.o)
                0x00000ddc                __fpcmp_parts_f
 .text          0x00000e8e        0x0 d:/aya/downloads/eclipse/sdk_win_64/sdk_win_64/winavr/bin/../lib/gcc/avr/4.3.3/avr5\libgcc.a(_clz.o)
                0x00000e8e                . = ALIGN (0x2)
 *(.text.*)
 .text.WDT_enuSleep
                0x00000e8e       0x48 ./MCAL/TIMER/WATCHDOG/WDT_prog.o
                0x00000e8e                WDT_enuSleep
 .text.WDT_enuEnable
                0x00000ed6       0x28 ./MCAL/TIMER/WATCHDOG/WDT_prog.o
                0x00000ed6                WDT_enuEnable
 .text.WDT_enuDisable
                0x00000efe       0x2e ./MCAL/TIMER/WATCHDOG/WDT_prog.o
                0x00000efe                WDT_enuDisable
 .text.TIMER1_enuInit
                0x00000f2c       0xb8 ./MCAL/TIMER/TIMER1/TIMER1_prog.o
                0x00000f2c                TIMER1_enuInit
 .text.TIMER1_enuSetChannelACTC
                0x00000fe4       0x30 ./MCAL/TIMER/TIMER1/TIMER1_prog.o
                0x00000fe4                TIMER1_enuSetChannelACTC
 .text.TIMER1_enuSetChannelBCTC
                0x00001014       0x30 ./MCAL/TIMER/TIMER1/TIMER1_prog.o
                0x00001014                TIMER1_enuSetChannelBCTC
 .text.TIMER1_enuSetICR
                0x00001044       0x30 ./MCAL/TIMER/TIMER1/TIMER1_prog.o
                0x00001044                TIMER1_enuSetICR
 .text.TIMER1_enuSetTimerValue
                0x00001074       0x30 ./MCAL/TIMER/TIMER1/TIMER1_prog.o
                0x00001074                TIMER1_enuSetTimerValue
 .text.TIMER1_enuReadTimerValue
                0x000010a4       0x42 ./MCAL/TIMER/TIMER1/TIMER1_prog.o
                0x000010a4                TIMER1_enuReadTimerValue
 .text.TIMER1_enuCallBack
                0x000010e6       0xca ./MCAL/TIMER/TIMER1/TIMER1_prog.o
                0x000010e6                TIMER1_enuCallBack
 .text.__vector_7
                0x000011b0       0x6e ./MCAL/TIMER/TIMER1/TIMER1_prog.o
                0x000011b0                __vector_7
 .text.__vector_8
                0x0000121e       0x6e ./MCAL/TIMER/TIMER1/TIMER1_prog.o
                0x0000121e                __vector_8
 .text.__vector_9
                0x0000128c       0x6e ./MCAL/TIMER/TIMER1/TIMER1_prog.o
                0x0000128c                __vector_9
 .text.TIMER0_enuInit
                0x000012fa       0x80 ./MCAL/TIMER/TIMER0/TIMER0_prog.o
                0x000012fa                TIMER0_enuInit
 .text.TIMER0_enuSetCTC
                0x0000137a       0x26 ./MCAL/TIMER/TIMER0/TIMER0_prog.o
                0x0000137a                TIMER0_enuSetCTC
 .text.TIMER0_enuSetPreload
                0x000013a0       0x26 ./MCAL/TIMER/TIMER0/TIMER0_prog.o
                0x000013a0                TIMER0_enuSetPreload
 .text.TIMER0_enuDelayMilliSecond
                0x000013c6       0x52 ./MCAL/TIMER/TIMER0/TIMER0_prog.o
                0x000013c6                TIMER0_enuDelayMilliSecond
 .text.TIMER0_enuGeneratePWM
                0x00001418       0x1a ./MCAL/TIMER/TIMER0/TIMER0_prog.o
                0x00001418                TIMER0_enuGeneratePWM
 .text.TIMER0_enuCallBackOVF
                0x00001432       0x54 ./MCAL/TIMER/TIMER0/TIMER0_prog.o
                0x00001432                TIMER0_enuCallBackOVF
 .text.TIMER0_enuCallBackCTC
                0x00001486       0x54 ./MCAL/TIMER/TIMER0/TIMER0_prog.o
                0x00001486                TIMER0_enuCallBackCTC
 .text.TIMER0_enuEnableOVFINTERRUPT
                0x000014da       0x28 ./MCAL/TIMER/TIMER0/TIMER0_prog.o
                0x000014da                TIMER0_enuEnableOVFINTERRUPT
 .text.TIMER0_enuEnableCTCINTERRUPT
                0x00001502       0x28 ./MCAL/TIMER/TIMER0/TIMER0_prog.o
                0x00001502                TIMER0_enuEnableCTCINTERRUPT
 .text.TIMER0_enuSetAsychDelay
                0x0000152a      0x1d4 ./MCAL/TIMER/TIMER0/TIMER0_prog.o
                0x0000152a                TIMER0_enuSetAsychDelay
 .text.TIMER0_enuSetSychDelay
                0x000016fe      0x1fc ./MCAL/TIMER/TIMER0/TIMER0_prog.o
                0x000016fe                TIMER0_enuSetSychDelay
 .text.__vector_11
                0x000018fa      0x1b6 ./MCAL/TIMER/TIMER0/TIMER0_prog.o
                0x000018fa                __vector_11
 .text.__vector_10
                0x00001ab0       0x6e ./MCAL/TIMER/TIMER0/TIMER0_prog.o
                0x00001ab0                __vector_10
 .text.ICU_enuInit
                0x00001b1e       0x28 ./MCAL/TIMER/ICU_HW/ICU_HW_prog.o
                0x00001b1e                ICU_enuInit
 .text.ICU_enuEnableINTERRUPT
                0x00001b46       0x28 ./MCAL/TIMER/ICU_HW/ICU_HW_prog.o
                0x00001b46                ICU_enuEnableINTERRUPT
 .text.ICU_enuDisableINTERRUPT
                0x00001b6e       0x28 ./MCAL/TIMER/ICU_HW/ICU_HW_prog.o
                0x00001b6e                ICU_enuDisableINTERRUPT
 .text.ICU_enuSetTriggerEdge
                0x00001b96       0x52 ./MCAL/TIMER/ICU_HW/ICU_HW_prog.o
                0x00001b96                ICU_enuSetTriggerEdge
 .text.ICU_enuReadInputCapture
                0x00001be8       0x34 ./MCAL/TIMER/ICU_HW/ICU_HW_prog.o
                0x00001be8                ICU_enuReadInputCapture
 .text.ICU_enuCallBack
                0x00001c1c       0x54 ./MCAL/TIMER/ICU_HW/ICU_HW_prog.o
                0x00001c1c                ICU_enuCallBack
 .text.__vector_6
                0x00001c70       0x6e ./MCAL/TIMER/ICU_HW/ICU_HW_prog.o
                0x00001c70                __vector_6
 .text.GIE_enuEnable
                0x00001cde       0x28 ./MCAL/GIE/GIE_prog.o
                0x00001cde                GIE_enuEnable
 .text.GIE_enuDisable
                0x00001d06       0x28 ./MCAL/GIE/GIE_prog.o
                0x00001d06                GIE_enuDisable
 .text.EINT_enuInit
                0x00001d2e      0x2c0 ./MCAL/EINT/INT_prog.o
                0x00001d2e                EINT_enuInit
 .text.EINT_enuEnableINT
                0x00001fee       0x8c ./MCAL/EINT/INT_prog.o
                0x00001fee                EINT_enuEnableINT
 .text.EINT_enuDisableINT
                0x0000207a       0x8c ./MCAL/EINT/INT_prog.o
                0x0000207a                EINT_enuDisableINT
 .text.EINT_enuSelectSenceLevel
                0x00002106      0x220 ./MCAL/EINT/INT_prog.o
                0x00002106                EINT_enuSelectSenceLevel
 .text.EINT_enuCallBack
                0x00002326       0x7c ./MCAL/EINT/INT_prog.o
                0x00002326                EINT_enuCallBack
 .text.__vector_1
                0x000023a2       0x6e ./MCAL/EINT/INT_prog.o
                0x000023a2                __vector_1
 .text.__vector_2
                0x00002410       0x6e ./MCAL/EINT/INT_prog.o
                0x00002410                __vector_2
 .text.__vector_3
                0x0000247e       0x6e ./MCAL/EINT/INT_prog.o
                0x0000247e                __vector_3
 .text.DIO_enuInit
                0x000024ec       0x58 ./MCAL/DIO/DIO_prog.o
                0x000024ec                DIO_enuInit
 .text.DIO_enuSetPortDirection
                0x00002544       0x9a ./MCAL/DIO/DIO_prog.o
                0x00002544                DIO_enuSetPortDirection
 .text.DIO_enuSetPortValue
                0x000025de       0x9a ./MCAL/DIO/DIO_prog.o
                0x000025de                DIO_enuSetPortValue
 .text.DIO_enuTogPortValue
                0x00002678       0xae ./MCAL/DIO/DIO_prog.o
                0x00002678                DIO_enuTogPortValue
 .text.DIO_enuGetPortValue
                0x00002726       0xba ./MCAL/DIO/DIO_prog.o
                0x00002726                DIO_enuGetPortValue
 .text.DIO_enuSetPinDirection
                0x000027e0      0x1d8 ./MCAL/DIO/DIO_prog.o
                0x000027e0                DIO_enuSetPinDirection
 .text.DIO_enuSetPinValue
                0x000029b8      0x1d8 ./MCAL/DIO/DIO_prog.o
                0x000029b8                DIO_enuSetPinValue
 .text.DIO_enuTogPinValue
                0x00002b90      0x11c ./MCAL/DIO/DIO_prog.o
                0x00002b90                DIO_enuTogPinValue
 .text.DIO_enuGetPinValue
                0x00002cac      0x138 ./MCAL/DIO/DIO_prog.o
                0x00002cac                DIO_enuGetPinValue
 .text.ADC_enuInit
                0x00002de4       0x76 ./MCAL/ADC/ADC_prog.o
                0x00002de4                ADC_enuInit
 .text.ADC_enuStartConversion
                0x00002e5a       0x28 ./MCAL/ADC/ADC_prog.o
                0x00002e5a                ADC_enuStartConversion
 .text.ADC_enuPollingSystem
                0x00002e82       0x3e ./MCAL/ADC/ADC_prog.o
                0x00002e82                ADC_enuPollingSystem
 .text.ADC_enuReadHighValue
                0x00002ec0       0x30 ./MCAL/ADC/ADC_prog.o
                0x00002ec0                ADC_enuReadHighValue
 .text.ADC_enuRead
                0x00002ef0       0x64 ./MCAL/ADC/ADC_prog.o
                0x00002ef0                ADC_enuRead
 .text.ADC_enuCallBack
                0x00002f54       0x54 ./MCAL/ADC/ADC_prog.o
                0x00002f54                ADC_enuCallBack
 .text.ADC_enuSelectChannel
                0x00002fa8       0x48 ./MCAL/ADC/ADC_prog.o
                0x00002fa8                ADC_enuSelectChannel
 .text.ADC_enuEnableTriggeringMode
                0x00002ff0      0x234 ./MCAL/ADC/ADC_prog.o
                0x00002ff0                ADC_enuEnableTriggeringMode
 .text.ADC_enuDisableTriggeringMode
                0x00003224       0x28 ./MCAL/ADC/ADC_prog.o
                0x00003224                ADC_enuDisableTriggeringMode
 .text.ADC_enuEnableInterruptMode
                0x0000324c       0x28 ./MCAL/ADC/ADC_prog.o
                0x0000324c                ADC_enuEnableInterruptMode
 .text.ADC_enuDisableInterruptMode
                0x00003274       0x28 ./MCAL/ADC/ADC_prog.o
                0x00003274                ADC_enuDisableInterruptMode
 .text.ADC_enuEnable
                0x0000329c       0x28 ./MCAL/ADC/ADC_prog.o
                0x0000329c                ADC_enuEnable
 .text.ADC_enuDisable
                0x000032c4       0x28 ./MCAL/ADC/ADC_prog.o
                0x000032c4                ADC_enuDisable
 .text.__vector_16
                0x000032ec       0x6e ./MCAL/ADC/ADC_prog.o
                0x000032ec                __vector_16
 .text.Switch_enuInit
                0x0000335a       0xea ./HAL/SWITCH/Switch_prog.o
                0x0000335a                Switch_enuInit
 .text.Switch_enuGetState
                0x00003444       0x54 ./HAL/SWITCH/Switch_prog.o
                0x00003444                Switch_enuGetState
 .text.LM35_enuInit
                0x00003498       0x78 ./HAL/LM35/LM35_prog.o
                0x00003498                LM35_enuInit
 .text.LM35_enuGetTemp
                0x00003510       0x7c ./HAL/LM35/LM35_prog.o
                0x00003510                LM35_enuGetTemp
 .text.LCD_enuInit
                0x0000358c      0x572 ./HAL/LCD/LCD_prog.o
                0x0000358c                LCD_enuInit
 .text.LCD_enuDisplayChar
                0x00003afe       0x2c ./HAL/LCD/LCD_prog.o
                0x00003afe                LCD_enuDisplayChar
 .text.LCD_enuDisplayString
                0x00003b2a       0x52 ./HAL/LCD/LCD_prog.o
                0x00003b2a                LCD_enuDisplayString
 .text.LCD_enuSendCommand
                0x00003b7c       0x2c ./HAL/LCD/LCD_prog.o
                0x00003b7c                LCD_enuSendCommand
 .text.LCD_enuGoToPosition
                0x00003ba8       0x54 ./HAL/LCD/LCD_prog.o
                0x00003ba8                LCD_enuGoToPosition
 .text.LCD_enuDisplayNum
                0x00003bfc      0x14c ./HAL/LCD/LCD_prog.o
                0x00003bfc                LCD_enuDisplayNum
 .text.LCD_enuSendSpecialNumber
                0x00003d48      0x14a ./HAL/LCD/LCD_prog.o
                0x00003d48                LCD_enuSendSpecialNumber
 .text.POWER_u32PowerNumbers
                0x00003e92       0x84 ./HAL/LCD/LCD_prog.o
                0x00003e92                POWER_u32PowerNumbers
 .text.LCD_vidLatch
                0x00003f16      0x2ba ./HAL/LCD/LCD_prog.o
 .text.LCD_invidSendCommand
                0x000041d0      0x1e0 ./HAL/LCD/LCD_prog.o
 .text.LCD_enuClearLcd
                0x000043b0       0x1e ./HAL/LCD/LCD_prog.o
                0x000043b0                LCD_enuClearLcd
 .text.APP_enuInit
                0x000043ce       0xd2 ./APP/APP_prog.o
                0x000043ce                APP_enuInit
 .text.APP_enuStart
                0x000044a0       0x26 ./APP/APP_prog.o
                0x000044a0                APP_enuStart
 .text.Pedestraints
                0x000044c6       0x22 ./APP/APP_prog.o
 .text.Normal_Mode
                0x000044e8      0x18e ./APP/APP_prog.o
 .text.Pedestraints_Mode
                0x00004676      0x2d8 ./APP/APP_prog.o
 .text.main     0x0000494e       0x12 ./APP/main.o
                0x0000494e                main
 .text.libgcc   0x00004960       0x3e d:/aya/downloads/eclipse/sdk_win_64/sdk_win_64/winavr/bin/../lib/gcc/avr/4.3.3/avr5\libgcc.a(_mulsi3.o)
                0x00004960                __mulsi3
 .text.libgcc   0x0000499e       0x28 d:/aya/downloads/eclipse/sdk_win_64/sdk_win_64/winavr/bin/../lib/gcc/avr/4.3.3/avr5\libgcc.a(_udivmodhi4.o)
                0x0000499e                __udivmodhi4
 .text.libgcc   0x000049c6       0x44 d:/aya/downloads/eclipse/sdk_win_64/sdk_win_64/winavr/bin/../lib/gcc/avr/4.3.3/avr5\libgcc.a(_udivmodsi4.o)
                0x000049c6                __udivmodsi4
 .text.libgcc   0x00004a0a        0x0 d:/aya/downloads/eclipse/sdk_win_64/sdk_win_64/winavr/bin/../lib/gcc/avr/4.3.3/avr5\libgcc.a(_exit.o)
 .text.libgcc   0x00004a0a        0x0 d:/aya/downloads/eclipse/sdk_win_64/sdk_win_64/winavr/bin/../lib/gcc/avr/4.3.3/avr5\libgcc.a(_copy_data.o)
 .text.libgcc   0x00004a0a        0x0 d:/aya/downloads/eclipse/sdk_win_64/sdk_win_64/winavr/bin/../lib/gcc/avr/4.3.3/avr5\libgcc.a(_clear_bss.o)
 .text.libgcc   0x00004a0a       0x38 d:/aya/downloads/eclipse/sdk_win_64/sdk_win_64/winavr/bin/../lib/gcc/avr/4.3.3/avr5\libgcc.a(_prologue.o)
                0x00004a0a                __prologue_saves__
 .text.libgcc   0x00004a42       0x36 d:/aya/downloads/eclipse/sdk_win_64/sdk_win_64/winavr/bin/../lib/gcc/avr/4.3.3/avr5\libgcc.a(_epilogue.o)
                0x00004a42                __epilogue_restores__
                0x00004a78                . = ALIGN (0x2)
 *(.fini9)
 .fini9         0x00004a78        0x0 d:/aya/downloads/eclipse/sdk_win_64/sdk_win_64/winavr/bin/../lib/gcc/avr/4.3.3/avr5\libgcc.a(_exit.o)
                0x00004a78                exit
                0x00004a78                _exit
 *(.fini9)
 *(.fini8)
 *(.fini8)
 *(.fini7)
 *(.fini7)
 *(.fini6)
 *(.fini6)
 *(.fini5)
 *(.fini5)
 *(.fini4)
 *(.fini4)
 *(.fini3)
 *(.fini3)
 *(.fini2)
 *(.fini2)
 *(.fini1)
 *(.fini1)
 *(.fini0)
 .fini0         0x00004a78        0x4 d:/aya/downloads/eclipse/sdk_win_64/sdk_win_64/winavr/bin/../lib/gcc/avr/4.3.3/avr5\libgcc.a(_exit.o)
 *(.fini0)
                0x00004a7c                _etext = .

.data           0x00800060      0x136 load address 0x00004a7c
                0x00800060                PROVIDE (__data_start, .)
 *(.data)
 .data          0x00800060        0x0 d:/aya/downloads/eclipse/sdk_win_64/sdk_win_64/winavr/bin/../lib/gcc/avr/4.3.3/../../../../avr/lib/avr5/crtm32.o
 .data          0x00800060        0x0 ./MCAL/TIMER/WATCHDOG/WDT_prog.o
 .data          0x00800060        0x0 ./MCAL/TIMER/TIMER1/TIMER1_prog.o
 .data          0x00800060        0x0 ./MCAL/TIMER/TIMER0/TIMER0_prog.o
 .data          0x00800060        0x0 ./MCAL/TIMER/ICU_HW/ICU_HW_prog.o
 .data          0x00800060        0x0 ./MCAL/GIE/GIE_prog.o
 .data          0x00800060        0x0 ./MCAL/EINT/INT_config.o
 .data          0x00800060        0x0 ./MCAL/EINT/INT_prog.o
 .data          0x00800060        0x0 ./MCAL/DIO/DIO_prog.o
 .data          0x00800060        0x0 ./MCAL/ADC/ADC_prog.o
 .data          0x00800060        0x0 ./HAL/SWITCH/Switch_config.o
 .data          0x00800060        0x0 ./HAL/SWITCH/Switch_prog.o
 .data          0x00800060        0x0 ./HAL/LM35/LM35_config.o
 .data          0x00800060        0x0 ./HAL/LM35/LM35_prog.o
 .data          0x00800060        0x0 ./HAL/LCD/LCD_prog.o
 .data          0x00800060        0x0 ./APP/APP_prog.o
 .data          0x00800060        0x0 ./APP/main.o
 .data          0x00800060        0x0 d:/aya/downloads/eclipse/sdk_win_64/sdk_win_64/winavr/bin/../lib/gcc/avr/4.3.3/avr5\libgcc.a(_mulsi3.o)
 .data          0x00800060        0x0 d:/aya/downloads/eclipse/sdk_win_64/sdk_win_64/winavr/bin/../lib/gcc/avr/4.3.3/avr5\libgcc.a(_udivmodhi4.o)
 .data          0x00800060        0x0 d:/aya/downloads/eclipse/sdk_win_64/sdk_win_64/winavr/bin/../lib/gcc/avr/4.3.3/avr5\libgcc.a(_udivmodsi4.o)
 .data          0x00800060        0x0 d:/aya/downloads/eclipse/sdk_win_64/sdk_win_64/winavr/bin/../lib/gcc/avr/4.3.3/avr5\libgcc.a(_exit.o)
 .data          0x00800060        0x0 d:/aya/downloads/eclipse/sdk_win_64/sdk_win_64/winavr/bin/../lib/gcc/avr/4.3.3/avr5\libgcc.a(_copy_data.o)
 .data          0x00800060        0x0 d:/aya/downloads/eclipse/sdk_win_64/sdk_win_64/winavr/bin/../lib/gcc/avr/4.3.3/avr5\libgcc.a(_clear_bss.o)
 .data          0x00800060        0x0 d:/aya/downloads/eclipse/sdk_win_64/sdk_win_64/winavr/bin/../lib/gcc/avr/4.3.3/avr5\libgcc.a(_fixunssfsi.o)
 .data          0x00800060        0x0 d:/aya/downloads/eclipse/sdk_win_64/sdk_win_64/winavr/bin/../lib/gcc/avr/4.3.3/avr5\libgcc.a(_addsub_sf.o)
 .data          0x00800060        0x0 d:/aya/downloads/eclipse/sdk_win_64/sdk_win_64/winavr/bin/../lib/gcc/avr/4.3.3/avr5\libgcc.a(_mul_sf.o)
 .data          0x00800060        0x0 d:/aya/downloads/eclipse/sdk_win_64/sdk_win_64/winavr/bin/../lib/gcc/avr/4.3.3/avr5\libgcc.a(_div_sf.o)
 .data          0x00800060        0x0 d:/aya/downloads/eclipse/sdk_win_64/sdk_win_64/winavr/bin/../lib/gcc/avr/4.3.3/avr5\libgcc.a(_ne_sf.o)
 .data          0x00800060        0x0 d:/aya/downloads/eclipse/sdk_win_64/sdk_win_64/winavr/bin/../lib/gcc/avr/4.3.3/avr5\libgcc.a(_gt_sf.o)
 .data          0x00800060        0x0 d:/aya/downloads/eclipse/sdk_win_64/sdk_win_64/winavr/bin/../lib/gcc/avr/4.3.3/avr5\libgcc.a(_ge_sf.o)
 .data          0x00800060        0x0 d:/aya/downloads/eclipse/sdk_win_64/sdk_win_64/winavr/bin/../lib/gcc/avr/4.3.3/avr5\libgcc.a(_lt_sf.o)
 .data          0x00800060        0x0 d:/aya/downloads/eclipse/sdk_win_64/sdk_win_64/winavr/bin/../lib/gcc/avr/4.3.3/avr5\libgcc.a(_sf_to_si.o)
 .data          0x00800060        0x8 d:/aya/downloads/eclipse/sdk_win_64/sdk_win_64/winavr/bin/../lib/gcc/avr/4.3.3/avr5\libgcc.a(_thenan_sf.o)
                0x00800060                __thenan_sf
 .data          0x00800068        0x0 d:/aya/downloads/eclipse/sdk_win_64/sdk_win_64/winavr/bin/../lib/gcc/avr/4.3.3/avr5\libgcc.a(_usi_to_sf.o)
 .data          0x00800068        0x0 d:/aya/downloads/eclipse/sdk_win_64/sdk_win_64/winavr/bin/../lib/gcc/avr/4.3.3/avr5\libgcc.a(_prologue.o)
 .data          0x00800068        0x0 d:/aya/downloads/eclipse/sdk_win_64/sdk_win_64/winavr/bin/../lib/gcc/avr/4.3.3/avr5\libgcc.a(_epilogue.o)
 .data          0x00800068        0x0 d:/aya/downloads/eclipse/sdk_win_64/sdk_win_64/winavr/bin/../lib/gcc/avr/4.3.3/avr5\libgcc.a(_clzsi2.o)
 .data          0x00800068        0x0 d:/aya/downloads/eclipse/sdk_win_64/sdk_win_64/winavr/bin/../lib/gcc/avr/4.3.3/avr5\libgcc.a(_pack_sf.o)
 .data          0x00800068        0x0 d:/aya/downloads/eclipse/sdk_win_64/sdk_win_64/winavr/bin/../lib/gcc/avr/4.3.3/avr5\libgcc.a(_unpack_sf.o)
 .data          0x00800068        0x0 d:/aya/downloads/eclipse/sdk_win_64/sdk_win_64/winavr/bin/../lib/gcc/avr/4.3.3/avr5\libgcc.a(_fpcmp_parts_sf.o)
 .data          0x00800068      0x100 d:/aya/downloads/eclipse/sdk_win_64/sdk_win_64/winavr/bin/../lib/gcc/avr/4.3.3/avr5\libgcc.a(_clz.o)
                0x00800068                __clz_tab
 *(.data*)
 .data.ISR_u32ActionCounter
                0x00800168        0x4 ./MCAL/TIMER/TIMER0/TIMER0_prog.o
                0x00800168                ISR_u32ActionCounter
 .data.EINT_tstrEINTcofig
                0x0080016c        0x6 ./MCAL/EINT/INT_config.o
                0x0080016c                EINT_tstrEINTcofig
 .data.Switch_AstrSwitchState
                0x00800172        0x9 ./HAL/SWITCH/Switch_config.o
                0x00800172                Switch_AstrSwitchState
 .data.LM35_AstrLM35Config
                0x0080017b       0x10 ./HAL/LM35/LM35_config.o
                0x0080017b                LM35_AstrLM35Config
 .data.Array_u8Num
                0x0080018b        0xa ./HAL/LCD/LCD_prog.o
                0x0080018b                Array_u8Num
 *(.rodata)
 *(.rodata*)
 *(.gnu.linkonce.d*)
                0x00800196                . = ALIGN (0x2)
 *fill*         0x00800195        0x1 00
                0x00800196                _edata = .
                0x00800196                PROVIDE (__data_end, .)

.bss            0x00800196       0x45
                0x00800196                PROVIDE (__bss_start, .)
 *(.bss)
 .bss           0x00800196        0x0 d:/aya/downloads/eclipse/sdk_win_64/sdk_win_64/winavr/bin/../lib/gcc/avr/4.3.3/../../../../avr/lib/avr5/crtm32.o
 .bss           0x00800196        0x0 ./MCAL/TIMER/WATCHDOG/WDT_prog.o
 .bss           0x00800196        0x0 ./MCAL/TIMER/TIMER1/TIMER1_prog.o
 .bss           0x00800196        0x0 ./MCAL/TIMER/TIMER0/TIMER0_prog.o
 .bss           0x00800196        0x0 ./MCAL/TIMER/ICU_HW/ICU_HW_prog.o
 .bss           0x00800196        0x0 ./MCAL/GIE/GIE_prog.o
 .bss           0x00800196        0x0 ./MCAL/EINT/INT_config.o
 .bss           0x00800196        0x0 ./MCAL/EINT/INT_prog.o
 .bss           0x00800196        0x0 ./MCAL/DIO/DIO_prog.o
 .bss           0x00800196        0x0 ./MCAL/ADC/ADC_prog.o
 .bss           0x00800196        0x0 ./HAL/SWITCH/Switch_config.o
 .bss           0x00800196        0x0 ./HAL/SWITCH/Switch_prog.o
 .bss           0x00800196        0x0 ./HAL/LM35/LM35_config.o
 .bss           0x00800196        0x0 ./HAL/LM35/LM35_prog.o
 .bss           0x00800196        0x0 ./HAL/LCD/LCD_prog.o
 .bss           0x00800196        0x0 ./APP/APP_prog.o
 .bss           0x00800196        0x0 ./APP/main.o
 .bss           0x00800196        0x0 d:/aya/downloads/eclipse/sdk_win_64/sdk_win_64/winavr/bin/../lib/gcc/avr/4.3.3/avr5\libgcc.a(_mulsi3.o)
 .bss           0x00800196        0x0 d:/aya/downloads/eclipse/sdk_win_64/sdk_win_64/winavr/bin/../lib/gcc/avr/4.3.3/avr5\libgcc.a(_udivmodhi4.o)
 .bss           0x00800196        0x0 d:/aya/downloads/eclipse/sdk_win_64/sdk_win_64/winavr/bin/../lib/gcc/avr/4.3.3/avr5\libgcc.a(_udivmodsi4.o)
 .bss           0x00800196        0x0 d:/aya/downloads/eclipse/sdk_win_64/sdk_win_64/winavr/bin/../lib/gcc/avr/4.3.3/avr5\libgcc.a(_exit.o)
 .bss           0x00800196        0x0 d:/aya/downloads/eclipse/sdk_win_64/sdk_win_64/winavr/bin/../lib/gcc/avr/4.3.3/avr5\libgcc.a(_copy_data.o)
 .bss           0x00800196        0x0 d:/aya/downloads/eclipse/sdk_win_64/sdk_win_64/winavr/bin/../lib/gcc/avr/4.3.3/avr5\libgcc.a(_clear_bss.o)
 .bss           0x00800196        0x0 d:/aya/downloads/eclipse/sdk_win_64/sdk_win_64/winavr/bin/../lib/gcc/avr/4.3.3/avr5\libgcc.a(_fixunssfsi.o)
 .bss           0x00800196        0x0 d:/aya/downloads/eclipse/sdk_win_64/sdk_win_64/winavr/bin/../lib/gcc/avr/4.3.3/avr5\libgcc.a(_addsub_sf.o)
 .bss           0x00800196        0x0 d:/aya/downloads/eclipse/sdk_win_64/sdk_win_64/winavr/bin/../lib/gcc/avr/4.3.3/avr5\libgcc.a(_mul_sf.o)
 .bss           0x00800196        0x0 d:/aya/downloads/eclipse/sdk_win_64/sdk_win_64/winavr/bin/../lib/gcc/avr/4.3.3/avr5\libgcc.a(_div_sf.o)
 .bss           0x00800196        0x0 d:/aya/downloads/eclipse/sdk_win_64/sdk_win_64/winavr/bin/../lib/gcc/avr/4.3.3/avr5\libgcc.a(_ne_sf.o)
 .bss           0x00800196        0x0 d:/aya/downloads/eclipse/sdk_win_64/sdk_win_64/winavr/bin/../lib/gcc/avr/4.3.3/avr5\libgcc.a(_gt_sf.o)
 .bss           0x00800196        0x0 d:/aya/downloads/eclipse/sdk_win_64/sdk_win_64/winavr/bin/../lib/gcc/avr/4.3.3/avr5\libgcc.a(_ge_sf.o)
 .bss           0x00800196        0x0 d:/aya/downloads/eclipse/sdk_win_64/sdk_win_64/winavr/bin/../lib/gcc/avr/4.3.3/avr5\libgcc.a(_lt_sf.o)
 .bss           0x00800196        0x0 d:/aya/downloads/eclipse/sdk_win_64/sdk_win_64/winavr/bin/../lib/gcc/avr/4.3.3/avr5\libgcc.a(_sf_to_si.o)
 .bss           0x00800196        0x0 d:/aya/downloads/eclipse/sdk_win_64/sdk_win_64/winavr/bin/../lib/gcc/avr/4.3.3/avr5\libgcc.a(_thenan_sf.o)
 .bss           0x00800196        0x0 d:/aya/downloads/eclipse/sdk_win_64/sdk_win_64/winavr/bin/../lib/gcc/avr/4.3.3/avr5\libgcc.a(_usi_to_sf.o)
 .bss           0x00800196        0x0 d:/aya/downloads/eclipse/sdk_win_64/sdk_win_64/winavr/bin/../lib/gcc/avr/4.3.3/avr5\libgcc.a(_prologue.o)
 .bss           0x00800196        0x0 d:/aya/downloads/eclipse/sdk_win_64/sdk_win_64/winavr/bin/../lib/gcc/avr/4.3.3/avr5\libgcc.a(_epilogue.o)
 .bss           0x00800196        0x0 d:/aya/downloads/eclipse/sdk_win_64/sdk_win_64/winavr/bin/../lib/gcc/avr/4.3.3/avr5\libgcc.a(_clzsi2.o)
 .bss           0x00800196        0x0 d:/aya/downloads/eclipse/sdk_win_64/sdk_win_64/winavr/bin/../lib/gcc/avr/4.3.3/avr5\libgcc.a(_pack_sf.o)
 .bss           0x00800196        0x0 d:/aya/downloads/eclipse/sdk_win_64/sdk_win_64/winavr/bin/../lib/gcc/avr/4.3.3/avr5\libgcc.a(_unpack_sf.o)
 .bss           0x00800196        0x0 d:/aya/downloads/eclipse/sdk_win_64/sdk_win_64/winavr/bin/../lib/gcc/avr/4.3.3/avr5\libgcc.a(_fpcmp_parts_sf.o)
 .bss           0x00800196        0x0 d:/aya/downloads/eclipse/sdk_win_64/sdk_win_64/winavr/bin/../lib/gcc/avr/4.3.3/avr5\libgcc.a(_clz.o)
 *(.bss*)
 .bss.TIMER1_APfunCallBack
                0x00800196        0x6 ./MCAL/TIMER/TIMER1/TIMER1_prog.o
 .bss.TIMER1_APvidParameter
                0x0080019c        0x6 ./MCAL/TIMER/TIMER1/TIMER1_prog.o
 .bss.TIMER0_u8NumberOfOverflow
                0x008001a2        0x1 ./MCAL/TIMER/TIMER0/TIMER0_prog.o
                0x008001a2                TIMER0_u8NumberOfOverflow
 .bss.TIMER0_u8Preload
                0x008001a3        0x1 ./MCAL/TIMER/TIMER0/TIMER0_prog.o
                0x008001a3                TIMER0_u8Preload
 .bss.TIMER0_u32StartDelay
                0x008001a4        0x4 ./MCAL/TIMER/TIMER0/TIMER0_prog.o
                0x008001a4                TIMER0_u32StartDelay
 .bss.TIMER0_u32StopTime
                0x008001a8        0x4 ./MCAL/TIMER/TIMER0/TIMER0_prog.o
                0x008001a8                TIMER0_u32StopTime
 .bss.ISR_u32Counter
                0x008001ac        0x4 ./MCAL/TIMER/TIMER0/TIMER0_prog.o
                0x008001ac                ISR_u32Counter
 .bss.TIMER0_APfunCallBack
                0x008001b0        0x6 ./MCAL/TIMER/TIMER0/TIMER0_prog.o
 .bss.TIMER0_APvidParameter
                0x008001b6        0x6 ./MCAL/TIMER/TIMER0/TIMER0_prog.o
 .bss.Timer0_NumOVF
                0x008001bc        0x4 ./MCAL/TIMER/TIMER0/TIMER0_prog.o
 .bss.Timer0_Preload
                0x008001c0        0x4 ./MCAL/TIMER/TIMER0/TIMER0_prog.o
 .bss.ICU_PvCallBackFunc
                0x008001c4        0x2 ./MCAL/TIMER/ICU_HW/ICU_HW_prog.o
 .bss.ICU_PvCallBackParameter
                0x008001c6        0x2 ./MCAL/TIMER/ICU_HW/ICU_HW_prog.o
 .bss.EINT_pfunINT
                0x008001c8        0x6 ./MCAL/EINT/INT_prog.o
 .bss.EINT_ApvoidINT
                0x008001ce        0x6 ./MCAL/EINT/INT_prog.o
 .bss.ADC_pfunISRFun
                0x008001d4        0x2 ./MCAL/ADC/ADC_prog.o
 .bss.ADC_pvidISRParameter
                0x008001d6        0x2 ./MCAL/ADC/ADC_prog.o
 .bss.APP_TIMER0_u16Counter
                0x008001d8        0x2 ./APP/APP_prog.o
 .bss.Car_Led_State
                0x008001da        0x1 ./APP/APP_prog.o
 *(COMMON)
                0x008001db                PROVIDE (__bss_end, .)
                0x00004a7c                __data_load_start = LOADADDR (.data)
                0x00004bb2                __data_load_end = (__data_load_start + SIZEOF (.data))

.noinit         0x008001db        0x0
                0x008001db                PROVIDE (__noinit_start, .)
 *(.noinit*)
                0x008001db                PROVIDE (__noinit_end, .)
                0x008001db                _end = .
                0x008001db                PROVIDE (__heap_start, .)

.eeprom         0x00810000        0x0
 *(.eeprom*)
                0x00810000                __eeprom_end = .

.fuse
 *(.fuse)
 *(.lfuse)
 *(.hfuse)
 *(.efuse)

.lock
 *(.lock*)

.signature
 *(.signature*)

.stab           0x00000000     0x5fe8
 *(.stab)
 .stab          0x00000000      0x354 ./MCAL/TIMER/WATCHDOG/WDT_prog.o
 .stab          0x00000354      0x738 ./MCAL/TIMER/TIMER1/TIMER1_prog.o
                                0x744 (size before relaxing)
 .stab          0x00000a8c      0xb34 ./MCAL/TIMER/TIMER0/TIMER0_prog.o
                                0xb40 (size before relaxing)
 .stab          0x000015c0      0x558 ./MCAL/TIMER/ICU_HW/ICU_HW_prog.o
                                0x564 (size before relaxing)
 .stab          0x00001b18      0x294 ./MCAL/GIE/GIE_prog.o
                                0x2a0 (size before relaxing)
 .stab          0x00001dac      0x1d4 ./MCAL/EINT/INT_config.o
                                0x1e0 (size before relaxing)
 .stab          0x00001f80      0x834 ./MCAL/EINT/INT_prog.o
                                0x90c (size before relaxing)
 .stab          0x000027b4      0x9c0 ./MCAL/DIO/DIO_prog.o
                                0x9cc (size before relaxing)
 .stab          0x00003174      0xaa4 ./MCAL/ADC/ADC_prog.o
                                0xab0 (size before relaxing)
 .stab          0x00003c18      0x1d4 ./HAL/SWITCH/Switch_config.o
                                0x1e0 (size before relaxing)
 .stab          0x00003dec      0x270 ./HAL/SWITCH/Switch_prog.o
                                0x348 (size before relaxing)
 .stab          0x0000405c      0x1d4 ./HAL/LM35/LM35_config.o
                                0x1e0 (size before relaxing)
 .stab          0x00004230      0x264 ./HAL/LM35/LM35_prog.o
                                0x33c (size before relaxing)
 .stab          0x00004494     0x11e8 ./HAL/LCD/LCD_prog.o
                               0x11f4 (size before relaxing)
 .stab          0x0000567c      0x84c ./APP/APP_prog.o
                                0x858 (size before relaxing)
 .stab          0x00005ec8      0x120 ./APP/main.o
                                0x1e0 (size before relaxing)

.stabstr        0x00000000     0x22d9
 *(.stabstr)
 .stabstr       0x00000000     0x22d9 ./MCAL/TIMER/WATCHDOG/WDT_prog.o

.stab.excl
 *(.stab.excl)

.stab.exclstr
 *(.stab.exclstr)

.stab.index
 *(.stab.index)

.stab.indexstr
 *(.stab.indexstr)

.comment
 *(.comment)

.debug
 *(.debug)

.line
 *(.line)

.debug_srcinfo
 *(.debug_srcinfo)

.debug_sfnames
 *(.debug_sfnames)

.debug_aranges  0x00000000      0x1c0
 *(.debug_aranges)
 .debug_aranges
                0x00000000       0x20 d:/aya/downloads/eclipse/sdk_win_64/sdk_win_64/winavr/bin/../lib/gcc/avr/4.3.3/avr5\libgcc.a(_fixunssfsi.o)
 .debug_aranges
                0x00000020       0x20 d:/aya/downloads/eclipse/sdk_win_64/sdk_win_64/winavr/bin/../lib/gcc/avr/4.3.3/avr5\libgcc.a(_addsub_sf.o)
 .debug_aranges
                0x00000040       0x20 d:/aya/downloads/eclipse/sdk_win_64/sdk_win_64/winavr/bin/../lib/gcc/avr/4.3.3/avr5\libgcc.a(_mul_sf.o)
 .debug_aranges
                0x00000060       0x20 d:/aya/downloads/eclipse/sdk_win_64/sdk_win_64/winavr/bin/../lib/gcc/avr/4.3.3/avr5\libgcc.a(_div_sf.o)
 .debug_aranges
                0x00000080       0x20 d:/aya/downloads/eclipse/sdk_win_64/sdk_win_64/winavr/bin/../lib/gcc/avr/4.3.3/avr5\libgcc.a(_ne_sf.o)
 .debug_aranges
                0x000000a0       0x20 d:/aya/downloads/eclipse/sdk_win_64/sdk_win_64/winavr/bin/../lib/gcc/avr/4.3.3/avr5\libgcc.a(_gt_sf.o)
 .debug_aranges
                0x000000c0       0x20 d:/aya/downloads/eclipse/sdk_win_64/sdk_win_64/winavr/bin/../lib/gcc/avr/4.3.3/avr5\libgcc.a(_ge_sf.o)
 .debug_aranges
                0x000000e0       0x20 d:/aya/downloads/eclipse/sdk_win_64/sdk_win_64/winavr/bin/../lib/gcc/avr/4.3.3/avr5\libgcc.a(_lt_sf.o)
 .debug_aranges
                0x00000100       0x20 d:/aya/downloads/eclipse/sdk_win_64/sdk_win_64/winavr/bin/../lib/gcc/avr/4.3.3/avr5\libgcc.a(_sf_to_si.o)
 .debug_aranges
                0x00000120       0x20 d:/aya/downloads/eclipse/sdk_win_64/sdk_win_64/winavr/bin/../lib/gcc/avr/4.3.3/avr5\libgcc.a(_usi_to_sf.o)
 .debug_aranges
                0x00000140       0x20 d:/aya/downloads/eclipse/sdk_win_64/sdk_win_64/winavr/bin/../lib/gcc/avr/4.3.3/avr5\libgcc.a(_clzsi2.o)
 .debug_aranges
                0x00000160       0x20 d:/aya/downloads/eclipse/sdk_win_64/sdk_win_64/winavr/bin/../lib/gcc/avr/4.3.3/avr5\libgcc.a(_pack_sf.o)
 .debug_aranges
                0x00000180       0x20 d:/aya/downloads/eclipse/sdk_win_64/sdk_win_64/winavr/bin/../lib/gcc/avr/4.3.3/avr5\libgcc.a(_unpack_sf.o)
 .debug_aranges
                0x000001a0       0x20 d:/aya/downloads/eclipse/sdk_win_64/sdk_win_64/winavr/bin/../lib/gcc/avr/4.3.3/avr5\libgcc.a(_fpcmp_parts_sf.o)

.debug_pubnames
                0x00000000      0x210
 *(.debug_pubnames)
 .debug_pubnames
                0x00000000       0x23 d:/aya/downloads/eclipse/sdk_win_64/sdk_win_64/winavr/bin/../lib/gcc/avr/4.3.3/avr5\libgcc.a(_fixunssfsi.o)
 .debug_pubnames
                0x00000023       0x2c d:/aya/downloads/eclipse/sdk_win_64/sdk_win_64/winavr/bin/../lib/gcc/avr/4.3.3/avr5\libgcc.a(_addsub_sf.o)
 .debug_pubnames
                0x0000004f       0x1f d:/aya/downloads/eclipse/sdk_win_64/sdk_win_64/winavr/bin/../lib/gcc/avr/4.3.3/avr5\libgcc.a(_mul_sf.o)
 .debug_pubnames
                0x0000006e       0x1f d:/aya/downloads/eclipse/sdk_win_64/sdk_win_64/winavr/bin/../lib/gcc/avr/4.3.3/avr5\libgcc.a(_div_sf.o)
 .debug_pubnames
                0x0000008d       0x1e d:/aya/downloads/eclipse/sdk_win_64/sdk_win_64/winavr/bin/../lib/gcc/avr/4.3.3/avr5\libgcc.a(_ne_sf.o)
 .debug_pubnames
                0x000000ab       0x1e d:/aya/downloads/eclipse/sdk_win_64/sdk_win_64/winavr/bin/../lib/gcc/avr/4.3.3/avr5\libgcc.a(_gt_sf.o)
 .debug_pubnames
                0x000000c9       0x1e d:/aya/downloads/eclipse/sdk_win_64/sdk_win_64/winavr/bin/../lib/gcc/avr/4.3.3/avr5\libgcc.a(_ge_sf.o)
 .debug_pubnames
                0x000000e7       0x1e d:/aya/downloads/eclipse/sdk_win_64/sdk_win_64/winavr/bin/../lib/gcc/avr/4.3.3/avr5\libgcc.a(_lt_sf.o)
 .debug_pubnames
                0x00000105       0x20 d:/aya/downloads/eclipse/sdk_win_64/sdk_win_64/winavr/bin/../lib/gcc/avr/4.3.3/avr5\libgcc.a(_sf_to_si.o)
 .debug_pubnames
                0x00000125       0x22 d:/aya/downloads/eclipse/sdk_win_64/sdk_win_64/winavr/bin/../lib/gcc/avr/4.3.3/avr5\libgcc.a(_thenan_sf.o)
 .debug_pubnames
                0x00000147       0x24 d:/aya/downloads/eclipse/sdk_win_64/sdk_win_64/winavr/bin/../lib/gcc/avr/4.3.3/avr5\libgcc.a(_usi_to_sf.o)
 .debug_pubnames
                0x0000016b       0x1f d:/aya/downloads/eclipse/sdk_win_64/sdk_win_64/winavr/bin/../lib/gcc/avr/4.3.3/avr5\libgcc.a(_clzsi2.o)
 .debug_pubnames
                0x0000018a       0x1f d:/aya/downloads/eclipse/sdk_win_64/sdk_win_64/winavr/bin/../lib/gcc/avr/4.3.3/avr5\libgcc.a(_pack_sf.o)
 .debug_pubnames
                0x000001a9       0x21 d:/aya/downloads/eclipse/sdk_win_64/sdk_win_64/winavr/bin/../lib/gcc/avr/4.3.3/avr5\libgcc.a(_unpack_sf.o)
 .debug_pubnames
                0x000001ca       0x26 d:/aya/downloads/eclipse/sdk_win_64/sdk_win_64/winavr/bin/../lib/gcc/avr/4.3.3/avr5\libgcc.a(_fpcmp_parts_sf.o)
 .debug_pubnames
                0x000001f0       0x20 d:/aya/downloads/eclipse/sdk_win_64/sdk_win_64/winavr/bin/../lib/gcc/avr/4.3.3/avr5\libgcc.a(_clz.o)

.debug_info     0x00000000     0x268a
 *(.debug_info)
 .debug_info    0x00000000       0xb1 d:/aya/downloads/eclipse/sdk_win_64/sdk_win_64/winavr/bin/../lib/gcc/avr/4.3.3/avr5\libgcc.a(_fixunssfsi.o)
 .debug_info    0x000000b1      0x47a d:/aya/downloads/eclipse/sdk_win_64/sdk_win_64/winavr/bin/../lib/gcc/avr/4.3.3/avr5\libgcc.a(_addsub_sf.o)
 .debug_info    0x0000052b      0x485 d:/aya/downloads/eclipse/sdk_win_64/sdk_win_64/winavr/bin/../lib/gcc/avr/4.3.3/avr5\libgcc.a(_mul_sf.o)
 .debug_info    0x000009b0      0x3fc d:/aya/downloads/eclipse/sdk_win_64/sdk_win_64/winavr/bin/../lib/gcc/avr/4.3.3/avr5\libgcc.a(_div_sf.o)
 .debug_info    0x00000dac      0x27f d:/aya/downloads/eclipse/sdk_win_64/sdk_win_64/winavr/bin/../lib/gcc/avr/4.3.3/avr5\libgcc.a(_ne_sf.o)
 .debug_info    0x0000102b      0x27f d:/aya/downloads/eclipse/sdk_win_64/sdk_win_64/winavr/bin/../lib/gcc/avr/4.3.3/avr5\libgcc.a(_gt_sf.o)
 .debug_info    0x000012aa      0x27f d:/aya/downloads/eclipse/sdk_win_64/sdk_win_64/winavr/bin/../lib/gcc/avr/4.3.3/avr5\libgcc.a(_ge_sf.o)
 .debug_info    0x00001529      0x27f d:/aya/downloads/eclipse/sdk_win_64/sdk_win_64/winavr/bin/../lib/gcc/avr/4.3.3/avr5\libgcc.a(_lt_sf.o)
 .debug_info    0x000017a8      0x2b0 d:/aya/downloads/eclipse/sdk_win_64/sdk_win_64/winavr/bin/../lib/gcc/avr/4.3.3/avr5\libgcc.a(_sf_to_si.o)
 .debug_info    0x00001a58      0x12c d:/aya/downloads/eclipse/sdk_win_64/sdk_win_64/winavr/bin/../lib/gcc/avr/4.3.3/avr5\libgcc.a(_thenan_sf.o)
 .debug_info    0x00001b84      0x206 d:/aya/downloads/eclipse/sdk_win_64/sdk_win_64/winavr/bin/../lib/gcc/avr/4.3.3/avr5\libgcc.a(_usi_to_sf.o)
 .debug_info    0x00001d8a      0x117 d:/aya/downloads/eclipse/sdk_win_64/sdk_win_64/winavr/bin/../lib/gcc/avr/4.3.3/avr5\libgcc.a(_clzsi2.o)
 .debug_info    0x00001ea1      0x2df d:/aya/downloads/eclipse/sdk_win_64/sdk_win_64/winavr/bin/../lib/gcc/avr/4.3.3/avr5\libgcc.a(_pack_sf.o)
 .debug_info    0x00002180      0x251 d:/aya/downloads/eclipse/sdk_win_64/sdk_win_64/winavr/bin/../lib/gcc/avr/4.3.3/avr5\libgcc.a(_unpack_sf.o)
 .debug_info    0x000023d1      0x210 d:/aya/downloads/eclipse/sdk_win_64/sdk_win_64/winavr/bin/../lib/gcc/avr/4.3.3/avr5\libgcc.a(_fpcmp_parts_sf.o)
 .debug_info    0x000025e1       0xa9 d:/aya/downloads/eclipse/sdk_win_64/sdk_win_64/winavr/bin/../lib/gcc/avr/4.3.3/avr5\libgcc.a(_clz.o)
 *(.gnu.linkonce.wi.*)

.debug_abbrev   0x00000000     0x14e0
 *(.debug_abbrev)
 .debug_abbrev  0x00000000       0x5d d:/aya/downloads/eclipse/sdk_win_64/sdk_win_64/winavr/bin/../lib/gcc/avr/4.3.3/avr5\libgcc.a(_fixunssfsi.o)
 .debug_abbrev  0x0000005d      0x1ea d:/aya/downloads/eclipse/sdk_win_64/sdk_win_64/winavr/bin/../lib/gcc/avr/4.3.3/avr5\libgcc.a(_addsub_sf.o)
 .debug_abbrev  0x00000247      0x21b d:/aya/downloads/eclipse/sdk_win_64/sdk_win_64/winavr/bin/../lib/gcc/avr/4.3.3/avr5\libgcc.a(_mul_sf.o)
 .debug_abbrev  0x00000462      0x216 d:/aya/downloads/eclipse/sdk_win_64/sdk_win_64/winavr/bin/../lib/gcc/avr/4.3.3/avr5\libgcc.a(_div_sf.o)
 .debug_abbrev  0x00000678      0x15a d:/aya/downloads/eclipse/sdk_win_64/sdk_win_64/winavr/bin/../lib/gcc/avr/4.3.3/avr5\libgcc.a(_ne_sf.o)
 .debug_abbrev  0x000007d2      0x15a d:/aya/downloads/eclipse/sdk_win_64/sdk_win_64/winavr/bin/../lib/gcc/avr/4.3.3/avr5\libgcc.a(_gt_sf.o)
 .debug_abbrev  0x0000092c      0x15a d:/aya/downloads/eclipse/sdk_win_64/sdk_win_64/winavr/bin/../lib/gcc/avr/4.3.3/avr5\libgcc.a(_ge_sf.o)
 .debug_abbrev  0x00000a86      0x15a d:/aya/downloads/eclipse/sdk_win_64/sdk_win_64/winavr/bin/../lib/gcc/avr/4.3.3/avr5\libgcc.a(_lt_sf.o)
 .debug_abbrev  0x00000be0      0x17f d:/aya/downloads/eclipse/sdk_win_64/sdk_win_64/winavr/bin/../lib/gcc/avr/4.3.3/avr5\libgcc.a(_sf_to_si.o)
 .debug_abbrev  0x00000d5f       0xad d:/aya/downloads/eclipse/sdk_win_64/sdk_win_64/winavr/bin/../lib/gcc/avr/4.3.3/avr5\libgcc.a(_thenan_sf.o)
 .debug_abbrev  0x00000e0c      0x157 d:/aya/downloads/eclipse/sdk_win_64/sdk_win_64/winavr/bin/../lib/gcc/avr/4.3.3/avr5\libgcc.a(_usi_to_sf.o)
 .debug_abbrev  0x00000f63       0xc4 d:/aya/downloads/eclipse/sdk_win_64/sdk_win_64/winavr/bin/../lib/gcc/avr/4.3.3/avr5\libgcc.a(_clzsi2.o)
 .debug_abbrev  0x00001027      0x1c0 d:/aya/downloads/eclipse/sdk_win_64/sdk_win_64/winavr/bin/../lib/gcc/avr/4.3.3/avr5\libgcc.a(_pack_sf.o)
 .debug_abbrev  0x000011e7      0x154 d:/aya/downloads/eclipse/sdk_win_64/sdk_win_64/winavr/bin/../lib/gcc/avr/4.3.3/avr5\libgcc.a(_unpack_sf.o)
 .debug_abbrev  0x0000133b      0x13b d:/aya/downloads/eclipse/sdk_win_64/sdk_win_64/winavr/bin/../lib/gcc/avr/4.3.3/avr5\libgcc.a(_fpcmp_parts_sf.o)
 .debug_abbrev  0x00001476       0x6a d:/aya/downloads/eclipse/sdk_win_64/sdk_win_64/winavr/bin/../lib/gcc/avr/4.3.3/avr5\libgcc.a(_clz.o)

.debug_line     0x00000000     0x12a9
 *(.debug_line)
 .debug_line    0x00000000       0xa7 d:/aya/downloads/eclipse/sdk_win_64/sdk_win_64/winavr/bin/../lib/gcc/avr/4.3.3/avr5\libgcc.a(_fixunssfsi.o)
 .debug_line    0x000000a7      0x2af d:/aya/downloads/eclipse/sdk_win_64/sdk_win_64/winavr/bin/../lib/gcc/avr/4.3.3/avr5\libgcc.a(_addsub_sf.o)
 .debug_line    0x00000356      0x239 d:/aya/downloads/eclipse/sdk_win_64/sdk_win_64/winavr/bin/../lib/gcc/avr/4.3.3/avr5\libgcc.a(_mul_sf.o)
 .debug_line    0x0000058f      0x1d5 d:/aya/downloads/eclipse/sdk_win_64/sdk_win_64/winavr/bin/../lib/gcc/avr/4.3.3/avr5\libgcc.a(_div_sf.o)
 .debug_line    0x00000764       0xd3 d:/aya/downloads/eclipse/sdk_win_64/sdk_win_64/winavr/bin/../lib/gcc/avr/4.3.3/avr5\libgcc.a(_ne_sf.o)
 .debug_line    0x00000837       0xd3 d:/aya/downloads/eclipse/sdk_win_64/sdk_win_64/winavr/bin/../lib/gcc/avr/4.3.3/avr5\libgcc.a(_gt_sf.o)
 .debug_line    0x0000090a       0xd3 d:/aya/downloads/eclipse/sdk_win_64/sdk_win_64/winavr/bin/../lib/gcc/avr/4.3.3/avr5\libgcc.a(_ge_sf.o)
 .debug_line    0x000009dd       0xd3 d:/aya/downloads/eclipse/sdk_win_64/sdk_win_64/winavr/bin/../lib/gcc/avr/4.3.3/avr5\libgcc.a(_lt_sf.o)
 .debug_line    0x00000ab0      0x109 d:/aya/downloads/eclipse/sdk_win_64/sdk_win_64/winavr/bin/../lib/gcc/avr/4.3.3/avr5\libgcc.a(_sf_to_si.o)
 .debug_line    0x00000bb9       0x90 d:/aya/downloads/eclipse/sdk_win_64/sdk_win_64/winavr/bin/../lib/gcc/avr/4.3.3/avr5\libgcc.a(_thenan_sf.o)
 .debug_line    0x00000c49      0x133 d:/aya/downloads/eclipse/sdk_win_64/sdk_win_64/winavr/bin/../lib/gcc/avr/4.3.3/avr5\libgcc.a(_usi_to_sf.o)
 .debug_line    0x00000d7c       0xa5 d:/aya/downloads/eclipse/sdk_win_64/sdk_win_64/winavr/bin/../lib/gcc/avr/4.3.3/avr5\libgcc.a(_clzsi2.o)
 .debug_line    0x00000e21      0x18a d:/aya/downloads/eclipse/sdk_win_64/sdk_win_64/winavr/bin/../lib/gcc/avr/4.3.3/avr5\libgcc.a(_pack_sf.o)
 .debug_line    0x00000fab      0x14b d:/aya/downloads/eclipse/sdk_win_64/sdk_win_64/winavr/bin/../lib/gcc/avr/4.3.3/avr5\libgcc.a(_unpack_sf.o)
 .debug_line    0x000010f6      0x137 d:/aya/downloads/eclipse/sdk_win_64/sdk_win_64/winavr/bin/../lib/gcc/avr/4.3.3/avr5\libgcc.a(_fpcmp_parts_sf.o)
 .debug_line    0x0000122d       0x7c d:/aya/downloads/eclipse/sdk_win_64/sdk_win_64/winavr/bin/../lib/gcc/avr/4.3.3/avr5\libgcc.a(_clz.o)

.debug_frame    0x00000000      0x1e0
 *(.debug_frame)
 .debug_frame   0x00000000       0x20 d:/aya/downloads/eclipse/sdk_win_64/sdk_win_64/winavr/bin/../lib/gcc/avr/4.3.3/avr5\libgcc.a(_fixunssfsi.o)
 .debug_frame   0x00000020       0x40 d:/aya/downloads/eclipse/sdk_win_64/sdk_win_64/winavr/bin/../lib/gcc/avr/4.3.3/avr5\libgcc.a(_addsub_sf.o)
 .debug_frame   0x00000060       0x20 d:/aya/downloads/eclipse/sdk_win_64/sdk_win_64/winavr/bin/../lib/gcc/avr/4.3.3/avr5\libgcc.a(_mul_sf.o)
 .debug_frame   0x00000080       0x20 d:/aya/downloads/eclipse/sdk_win_64/sdk_win_64/winavr/bin/../lib/gcc/avr/4.3.3/avr5\libgcc.a(_div_sf.o)
 .debug_frame   0x000000a0       0x20 d:/aya/downloads/eclipse/sdk_win_64/sdk_win_64/winavr/bin/../lib/gcc/avr/4.3.3/avr5\libgcc.a(_ne_sf.o)
 .debug_frame   0x000000c0       0x20 d:/aya/downloads/eclipse/sdk_win_64/sdk_win_64/winavr/bin/../lib/gcc/avr/4.3.3/avr5\libgcc.a(_gt_sf.o)
 .debug_frame   0x000000e0       0x20 d:/aya/downloads/eclipse/sdk_win_64/sdk_win_64/winavr/bin/../lib/gcc/avr/4.3.3/avr5\libgcc.a(_ge_sf.o)
 .debug_frame   0x00000100       0x20 d:/aya/downloads/eclipse/sdk_win_64/sdk_win_64/winavr/bin/../lib/gcc/avr/4.3.3/avr5\libgcc.a(_lt_sf.o)
 .debug_frame   0x00000120       0x20 d:/aya/downloads/eclipse/sdk_win_64/sdk_win_64/winavr/bin/../lib/gcc/avr/4.3.3/avr5\libgcc.a(_sf_to_si.o)
 .debug_frame   0x00000140       0x20 d:/aya/downloads/eclipse/sdk_win_64/sdk_win_64/winavr/bin/../lib/gcc/avr/4.3.3/avr5\libgcc.a(_usi_to_sf.o)
 .debug_frame   0x00000160       0x20 d:/aya/downloads/eclipse/sdk_win_64/sdk_win_64/winavr/bin/../lib/gcc/avr/4.3.3/avr5\libgcc.a(_clzsi2.o)
 .debug_frame   0x00000180       0x20 d:/aya/downloads/eclipse/sdk_win_64/sdk_win_64/winavr/bin/../lib/gcc/avr/4.3.3/avr5\libgcc.a(_pack_sf.o)
 .debug_frame   0x000001a0       0x20 d:/aya/downloads/eclipse/sdk_win_64/sdk_win_64/winavr/bin/../lib/gcc/avr/4.3.3/avr5\libgcc.a(_unpack_sf.o)
 .debug_frame   0x000001c0       0x20 d:/aya/downloads/eclipse/sdk_win_64/sdk_win_64/winavr/bin/../lib/gcc/avr/4.3.3/avr5\libgcc.a(_fpcmp_parts_sf.o)

.debug_str      0x00000000      0x2fe
 *(.debug_str)
 .debug_str     0x00000000       0xbf d:/aya/downloads/eclipse/sdk_win_64/sdk_win_64/winavr/bin/../lib/gcc/avr/4.3.3/avr5\libgcc.a(_fixunssfsi.o)
                                 0xfe (size before relaxing)
 .debug_str     0x000000bf      0x14d d:/aya/downloads/eclipse/sdk_win_64/sdk_win_64/winavr/bin/../lib/gcc/avr/4.3.3/avr5\libgcc.a(_addsub_sf.o)
                                0x206 (size before relaxing)
 .debug_str     0x0000020c       0x27 d:/aya/downloads/eclipse/sdk_win_64/sdk_win_64/winavr/bin/../lib/gcc/avr/4.3.3/avr5\libgcc.a(_mul_sf.o)
                                0x1bf (size before relaxing)
 .debug_str     0x00000233       0x35 d:/aya/downloads/eclipse/sdk_win_64/sdk_win_64/winavr/bin/../lib/gcc/avr/4.3.3/avr5\libgcc.a(_div_sf.o)
                                0x1c8 (size before relaxing)
 .debug_str     0x00000268        0x8 d:/aya/downloads/eclipse/sdk_win_64/sdk_win_64/winavr/bin/../lib/gcc/avr/4.3.3/avr5\libgcc.a(_ne_sf.o)
                                0x195 (size before relaxing)
 .debug_str     0x00000270        0x8 d:/aya/downloads/eclipse/sdk_win_64/sdk_win_64/winavr/bin/../lib/gcc/avr/4.3.3/avr5\libgcc.a(_gt_sf.o)
                                0x195 (size before relaxing)
 .debug_str     0x00000278        0x8 d:/aya/downloads/eclipse/sdk_win_64/sdk_win_64/winavr/bin/../lib/gcc/avr/4.3.3/avr5\libgcc.a(_ge_sf.o)
                                0x195 (size before relaxing)
 .debug_str     0x00000280        0x8 d:/aya/downloads/eclipse/sdk_win_64/sdk_win_64/winavr/bin/../lib/gcc/avr/4.3.3/avr5\libgcc.a(_lt_sf.o)
                                0x195 (size before relaxing)
 .debug_str     0x00000288        0xa d:/aya/downloads/eclipse/sdk_win_64/sdk_win_64/winavr/bin/../lib/gcc/avr/4.3.3/avr5\libgcc.a(_sf_to_si.o)
                                0x19e (size before relaxing)
 .debug_str     0x00000000      0x103 d:/aya/downloads/eclipse/sdk_win_64/sdk_win_64/winavr/bin/../lib/gcc/avr/4.3.3/avr5\libgcc.a(_thenan_sf.o)
 .debug_str     0x00000292       0x21 d:/aya/downloads/eclipse/sdk_win_64/sdk_win_64/winavr/bin/../lib/gcc/avr/4.3.3/avr5\libgcc.a(_usi_to_sf.o)
                                0x177 (size before relaxing)
 .debug_str     0x000002b3       0x20 d:/aya/downloads/eclipse/sdk_win_64/sdk_win_64/winavr/bin/../lib/gcc/avr/4.3.3/avr5\libgcc.a(_clzsi2.o)
                                0x111 (size before relaxing)
 .debug_str     0x000002d3       0x10 d:/aya/downloads/eclipse/sdk_win_64/sdk_win_64/winavr/bin/../lib/gcc/avr/4.3.3/avr5\libgcc.a(_pack_sf.o)
                                0x19d (size before relaxing)
 .debug_str     0x000002e3        0xb d:/aya/downloads/eclipse/sdk_win_64/sdk_win_64/winavr/bin/../lib/gcc/avr/4.3.3/avr5\libgcc.a(_unpack_sf.o)
                                0x17f (size before relaxing)
 .debug_str     0x000002ee       0x10 d:/aya/downloads/eclipse/sdk_win_64/sdk_win_64/winavr/bin/../lib/gcc/avr/4.3.3/avr5\libgcc.a(_fpcmp_parts_sf.o)
                                0x163 (size before relaxing)
 .debug_str     0x00000000       0xf4 d:/aya/downloads/eclipse/sdk_win_64/sdk_win_64/winavr/bin/../lib/gcc/avr/4.3.3/avr5\libgcc.a(_clz.o)

.debug_loc      0x00000000      0x9aa
 *(.debug_loc)
 .debug_loc     0x00000000       0x34 d:/aya/downloads/eclipse/sdk_win_64/sdk_win_64/winavr/bin/../lib/gcc/avr/4.3.3/avr5\libgcc.a(_fixunssfsi.o)
 .debug_loc     0x00000034      0x32a d:/aya/downloads/eclipse/sdk_win_64/sdk_win_64/winavr/bin/../lib/gcc/avr/4.3.3/avr5\libgcc.a(_addsub_sf.o)
 .debug_loc     0x0000035e      0x104 d:/aya/downloads/eclipse/sdk_win_64/sdk_win_64/winavr/bin/../lib/gcc/avr/4.3.3/avr5\libgcc.a(_mul_sf.o)
 .debug_loc     0x00000462       0xc0 d:/aya/downloads/eclipse/sdk_win_64/sdk_win_64/winavr/bin/../lib/gcc/avr/4.3.3/avr5\libgcc.a(_div_sf.o)
 .debug_loc     0x00000522       0x3c d:/aya/downloads/eclipse/sdk_win_64/sdk_win_64/winavr/bin/../lib/gcc/avr/4.3.3/avr5\libgcc.a(_ne_sf.o)
 .debug_loc     0x0000055e       0x3c d:/aya/downloads/eclipse/sdk_win_64/sdk_win_64/winavr/bin/../lib/gcc/avr/4.3.3/avr5\libgcc.a(_gt_sf.o)
 .debug_loc     0x0000059a       0x3c d:/aya/downloads/eclipse/sdk_win_64/sdk_win_64/winavr/bin/../lib/gcc/avr/4.3.3/avr5\libgcc.a(_ge_sf.o)
 .debug_loc     0x000005d6       0x3c d:/aya/downloads/eclipse/sdk_win_64/sdk_win_64/winavr/bin/../lib/gcc/avr/4.3.3/avr5\libgcc.a(_lt_sf.o)
 .debug_loc     0x00000612       0x7e d:/aya/downloads/eclipse/sdk_win_64/sdk_win_64/winavr/bin/../lib/gcc/avr/4.3.3/avr5\libgcc.a(_sf_to_si.o)
 .debug_loc     0x00000690       0x4c d:/aya/downloads/eclipse/sdk_win_64/sdk_win_64/winavr/bin/../lib/gcc/avr/4.3.3/avr5\libgcc.a(_usi_to_sf.o)
 .debug_loc     0x000006dc       0x94 d:/aya/downloads/eclipse/sdk_win_64/sdk_win_64/winavr/bin/../lib/gcc/avr/4.3.3/avr5\libgcc.a(_clzsi2.o)
 .debug_loc     0x00000770      0x13e d:/aya/downloads/eclipse/sdk_win_64/sdk_win_64/winavr/bin/../lib/gcc/avr/4.3.3/avr5\libgcc.a(_pack_sf.o)
 .debug_loc     0x000008ae       0xac d:/aya/downloads/eclipse/sdk_win_64/sdk_win_64/winavr/bin/../lib/gcc/avr/4.3.3/avr5\libgcc.a(_unpack_sf.o)
 .debug_loc     0x0000095a       0x50 d:/aya/downloads/eclipse/sdk_win_64/sdk_win_64/winavr/bin/../lib/gcc/avr/4.3.3/avr5\libgcc.a(_fpcmp_parts_sf.o)

.debug_macinfo
 *(.debug_macinfo)
OUTPUT(Traffiic_Light.elf elf32-avr)
LOAD linker stubs

.debug_ranges   0x00000000       0x50
 .debug_ranges  0x00000000       0x50 d:/aya/downloads/eclipse/sdk_win_64/sdk_win_64/winavr/bin/../lib/gcc/avr/4.3.3/avr5\libgcc.a(_mul_sf.o)
